
> Configure project :app
WARNING: BuildType 'debug' is both debuggable and has 'isMinifyEnabled' set to true.
All code optimizations and obfuscation are disabled for debuggable builds.

> Task :app:checkKotlinGradlePluginConfigurationErrors SKIPPED
> Task :app:preBuild UP-TO-DATE
> Task :app:preDebugBuild UP-TO-DATE
> Task :app:checkDebugAarMetadata UP-TO-DATE
> Task :app:processDebugNavigationResources UP-TO-DATE
> Task :app:compileDebugNavigationResources UP-TO-DATE
> Task :app:generateDebugResValues UP-TO-DATE
> Task :app:mapDebugSourceSetPaths UP-TO-DATE
> Task :app:generateDebugResources UP-TO-DATE
> Task :app:mergeDebugResources UP-TO-DATE
> Task :app:packageDebugResources UP-TO-DATE
> Task :app:parseDebugLocalResources UP-TO-DATE
> Task :app:createDebugCompatibleScreenManifests UP-TO-DATE
> Task :app:extractDeepLinksDebug UP-TO-DATE
> Task :app:processDebugMainManifest UP-TO-DATE
> Task :app:processDebugManifest UP-TO-DATE
> Task :app:processDebugManifestForPackage UP-TO-DATE
> Task :app:processDebugResources UP-TO-DATE

> Task :app:compileDebugKotlin FAILED
./gradlew.bat : e: file:///C:/Users/ashin/Androi
dStudioProjects/CircleToSearch/app/src/main/java
/com/akslabs/circletosearch/ui/CircleToSearchScr
een.kt:1986:111 Unresolved reference 'Link'.
At line:1 char:1
+ ./gradlew.bat :app:compileDebugKotlin > 
build_output.txt 2>&1
+ ~~~~~~~~~~~~~~~~~~~~~~~~~~~~~~~~~~~~~~~~~~~~~~
~~~~~~~~~~~~~~~
    + CategoryInfo          : NotSpecified: (e: 
    file:///C:/U...ference 'Link'.:String) [],  
   RemoteException
    + FullyQualifiedErrorId : NativeCommandErro 
   r
 
e: file:///C:/Users/ashin/AndroidStudioProjects/
CircleToSearch/app/src/main/java/com/akslabs/cir
cletosearch/ui/CircleToSearchScreen.kt:1987:114 
Unresolved reference 'Email'.
e: file:///C:/Users/ashin/AndroidStudioProjects/
CircleToSearch/app/src/main/java/com/akslabs/cir
cletosearch/ui/CircleToSearchScreen.kt:1988:114 
Unresolved reference 'Phone'.
e: file:///C:/Users/ashin/AndroidStudioProjects/
CircleToSearch/app/src/main/java/com/akslabs/cir
cletosearch/ui/CircleToSearchScreen.kt:1989:110 
Unresolved reference 'Person'.

FAILURE: Build failed with an exception.

* What went wrong:
Execution failed for task 
':app:compileDebugKotlin'.
> A failure occurred while executing org.jetbrai
ns.kotlin.compilerRunner.GradleCompilerRunnerWit
hWorkers$GradleKotlinCompilerWorkAction
   > Compilation error. See log for more details

* Try:
> Run with --stacktrace option to get the stack 
trace.
> Run with --info or --debug option to get more 
log output.
> Run with --scan to get full insights.
> Get more help at https://help.gradle.org.

BUILD FAILED in 15s
16 actionable tasks: 1 executed, 15 up-to-date
